# 13.10.2004 23:02:48
# 13.10.2004 23:18:50
DICT de AT de_DE
DICT de AT de_AT
DICT de DE de_DE
DICT de DE de_DE_neu
DICT de DE de_DE_comb
DICT de LI de_CH
DICT de LU de_DE
DICT de CH de_CH
HYPH de AT hyph_de_DE
HYPH de DE hyph_de_DE
HYPH de LI hyph_de_DE
HYPH de LU hyph_de_DE
HYPH de CH hyph_de_CH
THES de DE th_de_DE
# 13.10.2004 23:25:17
DICT en AU en_AU
DICT en BZ en_GB
DICT en CA en_CA
DICT en IE en_GB
DICT en JM en_GB
DICT en NZ en_NZ
DICT en PH en_GB
DICT en GB en_GB
DICT en US en_US
DICT en ZA en_GB
DICT en TT en_GB
DICT en ZW en_GB
HYPH en AU hyph_en_GB
HYPH en BZ hyph_en_GB
HYPH en CA hyph_en_CA
HYPH en IE hyph_en_GB
HYPH en JM hyph_en_GB
HYPH en NZ hyph_en_GB
HYPH en PH hyph_en_GB
HYPH en ZA hyph_en_GB
HYPH en TT hyph_en_GB
HYPH en GB hyph_en_GB
HYPH en US hyph_en_US
HYPH en ZW hyph_en_GB
# 13.10.2004 23:26:18
DICT es AR es_ES
DICT es BZ es_ES
DICT es BO es_ES
DICT es CO es_ES
DICT es CR es_ES
DICT es CU es_ES
DICT es DO es_ES
DICT es EC es_ES
DICT es SV es_ES
DICT es GU es_ES
DICT es HN es_ES
DICT es MX es_MX
DICT es NI es_ES
DICT es PA es_ES
DICT es PY es_ES
DICT es PE es_ES
DICT es PR es_ES
DICT es ES es_ES
DICT es UY es_ES
DICT es VE es_ES
HYPH es AR hyph_es_ES
HYPH es BZ hyph_es_ES
HYPH es BO hyph_es_ES
HYPH es CO hyph_es_ES
HYPH es CR hyph_es_ES
HYPH es CU hyph_es_ES
HYPH es DO hyph_es_ES
HYPH es EC hyph_es_ES
HYPH es SV hyph_es_ES
HYPH es GU hyph_es_ES
HYPH es HN hyph_es_ES
HYPH es MX hyph_es_ES
HYPH es NI hyph_es_ES
HYPH es PA hyph_es_ES
HYPH es PY hyph_es_ES
HYPH es PE hyph_es_ES
HYPH es PR hyph_es_ES
HYPH es ES hyph_es_ES
HYPH es UY hyph_es_ES
HYPH es VE hyph_es_ES
THES es ES th_es_ES
# 13.10.2004 23:27:09
DICT fr BE fr_FR
DICT fr CA fr_FR
DICT fr FR fr_FR
DICT fr LU fr_FR
DICT fr MC fr_FR
DICT fr CH fr_FR
HYPH fr BE hyph_fr_FR
HYPH fr CA hyph_fr_FR
HYPH fr FR hyph_fr_FR
HYPH fr LU hyph_fr_FR
HYPH fr MC hyph_fr_FR
HYPH fr CH hyph_fr_FR
THES fr FR th_fr_FR
# 13.10.2004 23:27:41
DICT it IT it_IT
HYPH it IT hyph_it_IT
# 13.10.2004 23:28:07
DICT nl NL nl_med
DICT nl NL nl_NL
HYPH nl NL hyph_nl_NL
# 13.10.2004 23:28:35
DICT pt BR pt_BR
DICT pt PT pt_PT
HYPH pt BR hyph_pt_BR
HYPH pt PT hyph_pt_PT
# 13.10.2004 23:29:07
DICT sv SE sv_SE
HYPH sv SE hyph_sv_SE
